isaac~/UdacityDL/Proj2-> cd ..
isaac~/UdacityDL-> git status
On branch master
Your branch is up-to-date with 'origin/master'.
Changes not staged for commit:
  (use "git add <file>..." to update what will be committed)
  (use "git checkout -- <file>..." to discard changes in working directory)

	modified:   SentiAna/EX/.ipynb_checkpoints/Sentiment_Analysis_Preparing_Data-checkpoint.ipynb
	modified:   SentiAna/Trask/Sentiment Classification - Intro.ipynb
	modified:   SentiAna/Trask/Sentiment Classification - Project 2 Solution.ipynb

Untracked files:
  (use "git add <file>..." to include in what will be committed)

	Proj2/
	SentiAna/Trask/.ipynb_checkpoints/
	SentiAna/Trask/1_Framing_the_Prob.ipynb
	SentiAna/Trask/Untitled.ipynb
	SentiAna/Trask/Untitled1.ipynb

no changes added to commit (use "git add" and/or "git commit -a")
isaac~/UdacityDL-> git add .
isaac~/UdacityDL-> git commit -m "Project 2"
[master e8636a8] Project 2
 17 files changed, 62921 insertions(+), 9 deletions(-)
 create mode 100644 Proj2/proj2.org
 create mode 100644 Proj2/sentiment-analysis-with-tflearn-v-1-1.zip
 create mode 100644 Proj2/sentiment-analysis/.ipynb_checkpoints/Sentiment Analysis with TFLearn-checkpoint.ipynb
 create mode 100644 Proj2/sentiment-analysis/Sentiment Analysis with TFLearn.ipynb
 create mode 100644 Proj2/sentiment-analysis/labels.txt
 create mode 100644 Proj2/sentiment-analysis/reviews.txt
 create mode 100644 SentiAna/Trask/.ipynb_checkpoints/1_Framing_the_Prob-checkpoint.ipynb
 create mode 100644 SentiAna/Trask/.ipynb_checkpoints/Sentiment Classification - Intro-checkpoint.ipynb
 create mode 100644 SentiAna/Trask/.ipynb_checkpoints/Sentiment Classification - Project 2 Solution-checkpoint.ipynb
 create mode 100644 SentiAna/Trask/.ipynb_checkpoints/Untitled-checkpoint.ipynb
 create mode 100644 SentiAna/Trask/.ipynb_checkpoints/Untitled1-checkpoint.ipynb
 create mode 100644 SentiAna/Trask/1_Framing_the_Prob.ipynb
 create mode 100644 SentiAna/Trask/Untitled.ipynb
 create mode 100644 SentiAna/Trask/Untitled1.ipynb
isaac~/UdacityDL-> git push -u origin master
To https://github.com/acebigdata/UdacityDL.git
 ! [rejected]        master -> master (fetch first)
error: failed to push some refs to 'https://github.com/acebigdata/UdacityDL.git'
hint: Updates were rejected because the remote contains work that you do
hint: not have locally. This is usually caused by another repository pushing
hint: to the same ref. You may want to first integrate the remote changes
hint: (e.g., 'git pull ...') before pushing again.
hint: See the 'Note about fast-forwards' in 'git push --help' for details.
isaac~/UdacityDL-> git pull
remote: Counting objects: 6, done.        
remote: Compressing objects: 100% (5/5), done.        
remote: Total 6 (delta 1), reused 6 (delta 1), pack-reused 0        
Unpacking objects: 100% (6/6), done.
From https://github.com/acebigdata/UdacityDL
   8c84225..83a7541  master     -> origin/master
error: Terminal is dumb, but EDITOR unset
Not committing merge; use 'git commit' to complete the merge.
isaac~/UdacityDL-> git push -u origin master
To https://github.com/acebigdata/UdacityDL.git
 ! [rejected]        master -> master (non-fast-forward)
error: failed to push some refs to 'https://github.com/acebigdata/UdacityDL.git'
hint: Updates were rejected because the tip of your current branch is behind
hint: its remote counterpart. Integrate the remote changes (e.g.
hint: 'git pull ...') before pushing again.
hint: See the 'Note about fast-forwards' in 'git push --help' for details.
isaac~/UdacityDL-> git status
On branch master
Your branch and 'origin/master' have diverged,
and have 1 and 1 different commit each, respectively.
  (use "git pull" to merge the remote branch into yours)
All conflicts fixed but you are still merging.
  (use "git commit" to conclude merge)

Changes to be committed:

	new file:   live/.ipynb_checkpoints/TF_for_Time_Series-checkpoint.ipynb
	new file:   live/TF_for_Time_Series.ipynb

isaac~/UdacityDL-> git add .
isaac~/UdacityDL-> git commit -m "Add TF"
[master fcf12a1] Add TF
isaac~/UdacityDL-> git push -u origin master
Counting objects: 20, done.
Delta compression using up to 4 threads.
Compressing objects: 100% (19/19), done.
Writing objects: 100% (20/20), 11.70 MiB | 364.00 KiB/s, done.
Total 20 (delta 5), reused 0 (delta 0)
remote: Resolving deltas: 100% (5/5), completed with 2 local objects.        
To https://github.com/acebigdata/UdacityDL.git
   83a7541..fcf12a1  master -> master
Branch master set up to track remote branch master from origin.
isaac~/UdacityDL
isaac~/UdacityDL-> git status
On branch master
Your branch is up-to-date with 'origin/master'.
nothing to commit, working directory clean
isaac~/UdacityDL-> git pull
Already up-to-date.
isaac~/UdacityDL-> cd ..
isaac~-> cd Django/
isaac~/Django-> git status
On branch master
Your branch is up-to-date with 'origin/master'.
Changes not staged for commit:
  (use "git add <file>..." to update what will be committed)
  (use "git checkout -- <file>..." to discard changes in working directory)

	modified:   Python/function.py

Untracked files:
  (use "git add <file>..." to include in what will be committed)

	Python/#function.py#
	sqlite/super.py
	sqlite/super.py~

no changes added to commit (use "git add" and/or "git commit -a")
isaac~/Django-> git pull
Already up-to-date.
isaac~/Django-> git add .
isaac~/Django-> git commit -m "Add SQLite"
[master 6a67ddd] Add SQLite
 4 files changed, 58 insertions(+)
 create mode 100644 Python/#function.py#
 create mode 100644 sqlite/super.py
 create mode 100644 sqlite/super.py~
isaac~/Django-> git push -u origin master
Counting objects: 6, done.
Delta compression using up to 4 threads.
Compressing objects: 100% (6/6), done.
Writing objects: 100% (6/6), 752 bytes | 0 bytes/s, done.
Total 6 (delta 3), reused 0 (delta 0)
remote: Resolving deltas: 100% (3/3), completed with 2 local objects.        
To https://github.com/acebigdata/Django.git
   b500626..6a67ddd  master -> master
Branch master set up to track remote branch master from origin.
isaac~/Django-> cd ..
isaac~-> cd OrgEmacs/
isaac~/OrgEmacs-> git pull
Already up-to-date.
isaac~/OrgEmacs-> git status
On branch master
Your branch is up-to-date with 'origin/master'.
Changes not staged for commit:
  (use "git add <file>..." to update what will be committed)
  (use "git checkout -- <file>..." to discard changes in working directory)

	modified:   2017WorkLog.org

Untracked files:
  (use "git add <file>..." to include in what will be committed)

	udemytexfiles/

no changes added to commit (use "git add" and/or "git commit -a")
isaac~/OrgEmacs-> git add .
isaac~/OrgEmacs-> git commit -m "Create Latex"
[master 3a554d2] Create Latex
 16 files changed, 682 insertions(+), 1 deletion(-)
 create mode 100644 udemytexfiles/lecture10.tex
 create mode 100644 udemytexfiles/lecture11.tex
 create mode 100644 udemytexfiles/lecture12.bib
 create mode 100644 udemytexfiles/lecture12.tex
 create mode 100644 udemytexfiles/lecture14.tex
 create mode 100644 udemytexfiles/lecture15.tex
 create mode 100644 udemytexfiles/lecture16.tex
 create mode 100644 udemytexfiles/lecture17.tex
 create mode 100644 udemytexfiles/lecture18.tex
 create mode 100644 udemytexfiles/lecture20.tex
 create mode 100644 udemytexfiles/lecture21.tex
 create mode 100644 udemytexfiles/lecture5.tex
 create mode 100644 udemytexfiles/lecture6.tex
 create mode 100644 udemytexfiles/lecture8.tex
 create mode 100644 udemytexfiles/lecture9.tex
isaac~/OrgEmacs-> git push -u origin master
Counting objects: 19, done.
Delta compression using up to 4 threads.
Compressing objects: 100% (19/19), done.
Writing objects: 100% (19/19), 7.41 KiB | 0 bytes/s, done.
Total 19 (delta 2), reused 0 (delta 0)
remote: Resolving deltas: 100% (2/2), completed with 2 local objects.        
To https://github.com/acebigdata/OrgEmacs.git
   505bc0c..3a554d2  master -> master
Branch master set up to track remote branch master from origin.
isaac~/OrgEmacs-> cd ..
isaac~-> cd PrimerPy/
isaac~/PrimerPy-> ll
total 72
drwxrwxr-x 14 isaac isaac  4096 Feb 28 20:44 ./
drwx------ 74 isaac isaac 20480 Mar  3 18:15 ../
drwxrwxr-x  6 isaac isaac  4096 Feb 21 19:53 100Qs/
drwxrwxr-x  3 isaac isaac  4096 Mar  1 22:45 Basics/
drwxrwxr-x  9 isaac isaac  4096 Mar  3 18:20 Emacs/
drwxrwxr-x  2 isaac isaac  4096 Feb 12 14:44 Function/
drwxrwxr-x  4 isaac isaac  4096 Feb 16 14:07 Fundamentals/
drwxrwxr-x  8 isaac isaac  4096 Mar  3 18:20 .git/
drwxr-xr-x  2 isaac isaac  4096 Feb 12 15:21 .ipynb_checkpoints/
drwxrwxr-x 11 isaac isaac  4096 Feb 26 13:55 Numpy/
drwxrwxr-x  2 isaac isaac  4096 Mar  1 19:35 Org/
drwxrwxr-x  2 isaac isaac  4096 Feb 12 14:43 Pandas/
drwxrwxr-x  3 isaac isaac  4096 Mar  3 18:20 SQL/
drwxrwxr-x  3 isaac isaac  4096 Mar  3 18:20 Vis/
isaac~/PrimerPy-> mkdir Pluralsight
isaac~/PrimerPy-> git status
On branch master
Your branch is up-to-date with 'origin/master'.
Untracked files:
  (use "git add <file>..." to include in what will be committed)

	Basics/trynumpy.py
	Emacs/HTML/
	Org/

nothing added to commit but untracked files present (use "git add" to track)
isaac~/PrimerPy-> git add .
isaac~/PrimerPy-> git commit -m "Add Pluralsight"
[master 14ab174] Add Pluralsight
 6 files changed, 33 insertions(+)
 create mode 100644 Basics/trynumpy.py
 create mode 100644 Emacs/HTML/#tables.html#
 create mode 100644 Emacs/HTML/tables.html
 create mode 100644 Emacs/HTML/tables.html~
 create mode 100644 Org/OrgMode.org
 create mode 100644 Org/OrgMode.org~
isaac~/PrimerPy-> git push -u origin master
Counting objects: 10, done.
Delta compression using up to 4 threads.
Compressing objects: 100% (8/8), done.
Writing objects: 100% (10/10), 948 bytes | 0 bytes/s, done.
Total 10 (delta 3), reused 0 (delta 0)
remote: Resolving deltas: 100% (3/3), completed with 3 local objects.        
To https://github.com/acebigdata/PrimerPy.git
   2a0efe8..14ab174  master -> master
Branch master set up to track remote branch master from origin.
isaac~/PrimerPy-> git pull
Already up-to-date.
isaac~/PrimerPy-> cd Pluralsight/
isaac~/PrimerPy/Pluralsight-> python modularity.py
isaac~/PrimerPy/Pluralsight-> python modularity.py
It

was

the

best

of

times

it

was

the

worst

of

times

it

was

the

age

of

wisdom

it

was

the

age

of

foolishness

it

was

the

epoch

of

belief

it

was

the

epoch

of

incredulity

it

was

the

season

of

Light

it

was

the

season

of

Darkness

it

was

the

spring

of

hope

it

was

the

winter

of

despair

we

had

everything

before

us

we

had

nothing

before

us

we

were

all

going

direct

to

Heaven

we

were

all

going

direct

the

other

way

in

short

the

period

was

so

far

like

the

present

period

that

some

of

its

noisiest

authorities

insisted

on

its

being

received

for

good

or

for

evil

in

the

superlative

degree

of

comparison

only

isaac~/PrimerPy/Pluralsight-> python modularity.py
It
was
the
best
of
times
it
was
the
worst
of
times
it
was
the
age
of
wisdom
it
was
the
age
of
foolishness
it
was
the
epoch
of
belief
it
was
the
epoch
of
incredulity
it
was
the
season
of
Light
it
was
the
season
of
Darkness
it
was
the
spring
of
hope
it
was
the
winter
of
despair
we
had
everything
before
us
we
had
nothing
before
us
we
were
all
going
direct
to
Heaven
we
were
all
going
direct
the
other
way
in
short
the
period
was
so
far
like
the
present
period
that
some
of
its
noisiest
authorities
insisted
on
its
being
received
for
good
or
for
evil
in
the
superlative
degree
of
comparison
only
isaac~/PrimerPy/Pluralsight-> python
Python 3.5.2 |Anaconda custom (64-bit)| (default, Jul  2 2016, 17:53:06) 
[GCC 4.4.7 20120313 (Red Hat 4.4.7-1)] on linux
Type "help", "copyright", "credits" or "license" for more information.
>>> modularity.py
Traceback (most recent call last):
  File "<stdin>", line 1, in <module>
NameError: name 'modularity' is not defined
>>> import modularity
It
was
the
best
of
times
it
was
the
worst
of
times
it
was
the
age
of
wisdom
it
was
the
age
of
foolishness
it
was
the
epoch
of
belief
it
was
the
epoch
of
incredulity
it
was
the
season
of
Light
it
was
the
season
of
Darkness
it
was
the
spring
of
hope
it
was
the
winter
of
despair
we
had
everything
before
us
we
had
nothing
before
us
we
were
all
going
direct
to
Heaven
we
were
all
going
direct
the
other
way
in
short
the
period
was
so
far
like
the
present
period
that
some
of
its
noisiest
authorities
insisted
on
its
being
received
for
good
or
for
evil
in
the
superlative
degree
of
comparison
only
>>> import modularity
>>> modularity.fetch_word()
Traceback (most recent call last):
  File "<stdin>", line 1, in <module>
AttributeError: module 'modularity' has no attribute 'fetch_word'
>>> modularity.fetchword() 
>>> import modularity.fetch_word()
  File "<stdin>", line 1
    import modularity.fetchword()
                               ^
SyntaxError: invalid syntax
>>> import modularity.fetch_word()
  File "<stdin>", line 1
    import modularity.fetch_word()
                                ^
SyntaxError: invalid syntax
>>> import modularity
>>> fetch_world()
Traceback (most recent call last):
  File "<stdin>", line 1, in <module>
NameError: name 'fetch_world' is not defined
>>> fetch_world()
Traceback (most recent call last):
  File "<stdin>", line 1, in <module>
NameError: name 'fetch_world' is not defined
>>> import modularity
>>> modularity.fetch_word()
Traceback (most recent call last):
  File "<stdin>", line 1, in <module>
AttributeError: module 'modularity' has no attribute 'fetch_word'
>>> from modularity import fetch_word
Traceback (most recent call last):
  File "<stdin>", line 1, in <module>
ImportError: cannot import name 'fetch_word'
>>> quit
Use quit() or Ctrl-D (i.e. EOF) to exit
>>> 
isaac~/PrimerPy/Pluralsight-> python
Python 3.5.2 |Anaconda custom (64-bit)| (default, Jul  2 2016, 17:53:06) 
[GCC 4.4.7 20120313 (Red Hat 4.4.7-1)] on linux
Type "help", "copyright", "credits" or "license" for more information.
>>> import modularity
>>> modularity.fetch_word()
It
was
the
best
of
times
it
was
the
worst
of
times
it
was
the
age
of
wisdom
it
was
the
age
of
foolishness
it
was
the
epoch
of
belief
it
was
the
epoch
of
incredulity
it
was
the
season
of
Light
it
was
the
season
of
Darkness
it
was
the
spring
of
hope
it
was
the
winter
of
despair
we
had
everything
before
us
we
had
nothing
before
us
we
were
all
going
direct
to
Heaven
we
were
all
going
direct
the
other
way
in
short
the
period
was
so
far
like
the
present
period
that
some
of
its
noisiest
authorities
insisted
on
its
being
received
for
good
or
for
evil
in
the
superlative
degree
of
comparison
only
>>> from modularity import fetch_word
>>> fetch_word()
It
was
the
best
of
times
it
was
the
worst
of
times
it
was
the
age
of
wisdom
it
was
the
age
of
foolishness
it
was
the
epoch
of
belief
it
was
the
epoch
of
incredulity
it
was
the
season
of
Light
it
was
the
season
of
Darkness
it
was
the
spring
of
hope
it
was
the
winter
of
despair
we
had
everything
before
us
we
had
nothing
before
us
we
were
all
going
direct
to
Heaven
we
were
all
going
direct
the
other
way
in
short
the
period
was
so
far
like
the
present
period
that
some
of
its
noisiest
authorities
insisted
on
its
being
received
for
good
or
for
evil
in
the
superlative
degree
of
comparison
only
>>> 
isaac~/PrimerPy/Pluralsight-> python modularity.py
isaac~/PrimerPy/Pluralsight-> python
Python 3.5.2 |Anaconda custom (64-bit)| (default, Jul  2 2016, 17:53:06) 
[GCC 4.4.7 20120313 (Red Hat 4.4.7-1)] on linux
Type "help", "copyright", "credits" or "license" for more information.
>>> import modularity
modularity>>> 
>>> 
isaac~/PrimerPy/Pluralsight-> python modularity.py
__main__
isaac~/PrimerPy/Pluralsight-> python modularity.py
isaac~/PrimerPy/Pluralsight-> python modularity.py
isaac~/PrimerPy/Pluralsight-> python
Python 3.5.2 |Anaconda custom (64-bit)| (default, Jul  2 2016, 17:53:06) 
[GCC 4.4.7 20120313 (Red Hat 4.4.7-1)] on linux
Type "help", "copyright", "credits" or "license" for more information.
>>> import modularity
>>> 
isaac~/PrimerPy/Pluralsight-> python modularity.py
isaac~/PrimerPy/Pluralsight-> python modularity.py
isaac~/PrimerPy/Pluralsight-> python
Python 3.5.2 |Anaconda custom (64-bit)| (default, Jul  2 2016, 17:53:06) 
[GCC 4.4.7 20120313 (Red Hat 4.4.7-1)] on linux
Type "help", "copyright", "credits" or "license" for more information.
>>> import modularity
>>> 
isaac~/PrimerPy/Pluralsight-> python modularity.py
isaac~/PrimerPy/Pluralsight-> python modularity.py
isaac~/PrimerPy/Pluralsight-> python
Python 3.5.2 |Anaconda custom (64-bit)| (default, Jul  2 2016, 17:53:06) 
[GCC 4.4.7 20120313 (Red Hat 4.4.7-1)] on linux
Type "help", "copyright", "credits" or "license" for more information.
>>> from modularity import (fetch_word, print_words)
Traceback (most recent call last):
  File "<stdin>", line 1, in <module>
ImportError: cannot import name 'pring_words'
>>> from modularity import (fetch_word, print_words)
>>> print_words(fetch_word())
Traceback (most recent call last):
  File "<stdin>", line 1, in <module>
  File "/home/isaac/PrimerPy/Pluralsight/modularity.py", line 12, in print_words
    for word in story_words:
TypeError: 'NoneType' object is not iterable
>>> fetch_word()
>>>frow words import *
  File "<stdin>", line 1
    frow words import *
             ^
SyntaxError: invalid syntax
>>> from words import *
Traceback (most recent call last):
  File "<stdin>", line 1, in <module>
ImportError: No module named 'words'
>>> from modularity import *
>>> fetch_word()
>>> fetch_word()
>>> print_words(fetch_word())
Traceback (most recent call last):
  File "<stdin>", line 1, in <module>
  File "/home/isaac/PrimerPy/Pluralsight/modularity.py", line 12, in print_words
    def print_words(story_words):
TypeError: 'NoneType' object is not iterable
>>> quit
Use quit() or Ctrl-D (i.e. EOF) to exit
>>> quit()
isaac~/PrimerPy/Pluralsight-> python modularity.py
  File "modularity.py", line 21
    main(sys.argv[1)
                   ^
SyntaxError: invalid syntax
isaac~/PrimerPy/Pluralsight-> python modularity.py
  File "modularity.py", line 21
    main(sys.argv[1)
                   ^
SyntaxError: invalid syntax
isaac~/PrimerPy/Pluralsight-> python modularity.py
python: can't open file 'modularity.': [Errno 2] No such file or directory
isaac~/PrimerPy/Pluralsight-> python modularity.py
isaac~/PrimerPy/Pluralsight-> python modularity.py
isaac~/PrimerPy/Pluralsight-> python
Python 3.5.2 |Anaconda custom (64-bit)| (default, Jul  2 2016, 17:53:06) 
[GCC 4.4.7 20120313 (Red Hat 4.4.7-1)] on linux
Type "help", "copyright", "credits" or "license" for more information.
>>> url = "http://sixty-north.com/c/t.txt"
>>> from modularity import *
>>> main(url)
Traceback (most recent call last):
  File "<stdin>", line 1, in <module>
  File "/home/isaac/PrimerPy/Pluralsight/modularity.py", line 18, in main
    words = fetch_word(url)
NameError: name 'fetch_word' is not defined
>>> main(url)
Traceback (most recent call last):
  File "<stdin>", line 1, in <module>
  File "/home/isaac/PrimerPy/Pluralsight/modularity.py", line 18, in main
    words = fetch_words(url)
NameError: name 'fetch_word' is not defined
>>> 
isaac~/PrimerPy/Pluralsight-> python
Python 3.5.2 |Anaconda custom (64-bit)| (default, Jul  2 2016, 17:53:06) 
[GCC 4.4.7 20120313 (Red Hat 4.4.7-1)] on linux
Type "help", "copyright", "credits" or "license" for more information.
>>> from modularity import *
>>> main(url)
Traceback (most recent call last):
  File "<stdin>", line 1, in <module>
NameError: name 'url' is not defined
>>> url = "http://sixty-north.com/c/t.txt"
>>> main(url)
Traceback (most recent call last):
  File "<stdin>", line 1, in <module>
  File "/home/isaac/PrimerPy/Pluralsight/modularity.py", line 19, in main
    print_words(words)
  File "/home/isaac/PrimerPy/Pluralsight/modularity.py", line 14, in print_words
    for word in story_words:
TypeError: 'NoneType' object is not iterable
>>> 
isaac~/PrimerPy/Pluralsight-> python
Python 3.5.2 |Anaconda custom (64-bit)| (default, Jul  2 2016, 17:53:06) 
[GCC 4.4.7 20120313 (Red Hat 4.4.7-1)] on linux
Type "help", "copyright", "credits" or "license" for more information.
>>> import modularity
>>> url = "http://sixty-north.com/c/t.txt"
>>> main(url)
Traceback (most recent call last):
  File "<stdin>", line 1, in <module>
NameError: name 'main' is not defined
>>> from modularity import *
>>> main(url)
It
was
the
best
of
times
it
was
the
worst
of
times
it
was
the
age
of
wisdom
it
was
the
age
of
foolishness
it
was
the
epoch
of
belief
it
was
the
epoch
of
incredulity
it
was
the
season
of
Light
it
was
the
season
of
Darkness
it
was
the
spring
of
hope
it
was
the
winter
of
despair
we
had
everything
before
us
we
had
nothing
before
us
we
were
all
going
direct
to
Heaven
we
were
all
going
direct
the
other
way
in
short
the
period
was
so
far
like
the
present
period
that
some
of
its
noisiest
authorities
insisted
on
its
being
received
for
good
or
for
evil
in
the
superlative
degree
of
comparison
only
>>> 
isaac~/PrimerPy/Pluralsight-> python
Python 3.5.2 |Anaconda custom (64-bit)| (default, Jul  2 2016, 17:53:06) 
[GCC 4.4.7 20120313 (Red Hat 4.4.7-1)] on linux
Type "help", "copyright", "credits" or "license" for more information.
>>> from modularity import *
Traceback (most recent call last):
  File "<stdin>", line 1, in <module>
ImportError: cannot import name 'all'
>>> from modularity import *
>>> print(sys.argv[0])

>>> sys.argv[0]
''
>>> url = "http://sixty-north.com/c/t.txt"
>>> main(url)
It
was
the
best
of
times
it
was
the
worst
of
times
it
was
the
age
of
wisdom
it
was
the
age
of
foolishness
it
was
the
epoch
of
belief
it
was
the
epoch
of
incredulity
it
was
the
season
of
Light
it
was
the
season
of
Darkness
it
was
the
spring
of
hope
it
was
the
winter
of
despair
we
had
everything
before
us
we
had
nothing
before
us
we
were
all
going
direct
to
Heaven
we
were
all
going
direct
the
other
way
in
short
the
period
was
so
far
like
the
present
period
that
some
of
its
noisiest
authorities
insisted
on
its
being
received
for
good
or
for
evil
in
the
superlative
degree
of
comparison
only
>>> sys.argv[0]
''
>>> 
isaac~/PrimerPy/Pluralsight-> python
Python 3.5.2 |Anaconda custom (64-bit)| (default, Jul  2 2016, 17:53:06) 
[GCC 4.4.7 20120313 (Red Hat 4.4.7-1)] on linux
Type "help", "copyright", "credits" or "license" for more information.
>>> a = 496
>>> id(a)
140113581783184
>>> r = [2,4,6]
>>> s = r
>>> s
[2, 4, 6]
>>> r
[2, 4, 6]
>>> s.append(5)
>>> r
[2, 4, 6, 5]
>>> s
[2, 4, 6, 5]
>>> s = copy(r)
Traceback (most recent call last):
  File "<stdin>", line 1, in <module>
NameError: name 'copy' is not defined
>>> m = [9, 14, 25]
  File "<stdin>", line 1
    m = [9, 14, 25]
    ^
IndentationError: unexpected indent
>>> m = [9, 14, 25]
>>> def modify(k):
... k.append(30)
  File "<stdin>", line 2
    k.append(30)
    ^
IndentationError: expected an indented block
>>> m
[9, 14, 25]
>>> def modify(k):
... __pycache__/k.append(39)
  File "<stdin>", line 2
    __pycache__/k.append(39)
              ^
IndentationError: expected an indented block
>>> 
isaac~/PrimerPy/Pluralsight-> python --version
Python 3.5.2 :: Anaconda custom (64-bit)
isaac~/PrimerPy/Pluralsight-> python
Python 3.5.2 |Anaconda custom (64-bit)| (default, Jul  2 2016, 17:53:06) 
[GCC 4.4.7 20120313 (Red Hat 4.4.7-1)] on linux
Type "help", "copyright", "credits" or "license" for more information.
>>> from airtravel import Flight
>>> Flight
<class 'airtravel.Flight'>
>>> f = Flight()
>>> type(f)
<class 'airtravel.Flight'>
>>> 
isaac~/PrimerPy/Pluralsight-> cd ..
isaac~/PrimerPy-> git status
On branch master
Your branch is up-to-date with 'origin/master'.
Untracked files:
  (use "git add <file>..." to include in what will be committed)

	Pluralsight/

nothing added to commit but untracked files present (use "git add" to track)
isaac~/PrimerPy-> git add .
isaac~/PrimerPy-> git commit -m "Add Pluralsight"
[master d1dcf23] Add Pluralsight
 15 files changed, 2798 insertions(+)
 create mode 100644 Pluralsight/#*shell*#
 create mode 100644 Pluralsight/#modularity.py#
 create mode 100644 Pluralsight/*shell*
 create mode 100644 Pluralsight/*shell*~
 create mode 120000 Pluralsight/.#*shell*
 create mode 120000 Pluralsight/.#modularity.py
 create mode 100644 Pluralsight/__pycache__/airtravel.cpython-35.pyc
 create mode 100644 Pluralsight/__pycache__/modularity.cpython-35.pyc
 create mode 100644 Pluralsight/airtravel.py
 create mode 100644 Pluralsight/airtravel.py~
 create mode 100644 Pluralsight/modularity.org
 create mode 100644 Pluralsight/modularity.org~
 create mode 100644 Pluralsight/modularity.py
 create mode 100644 Pluralsight/modularity.py~
 create mode 100644 Pluralsight/object.py
isaac~/PrimerPy-> git push -u origin master
Counting objects: 15, done.
Delta compression using up to 4 threads.
Compressing objects: 100% (13/13), done.
Writing objects: 100% (15/15), 6.81 KiB | 0 bytes/s, done.
Total 15 (delta 4), reused 0 (delta 0)
remote: Resolving deltas: 100% (4/4), completed with 1 local objects.        
To https://github.com/acebigdata/PrimerPy.git
   14ab174..d1dcf23  master -> master
Branch master set up to track remote branch master from origin.
isaac~/PrimerPy-> git pull
Already up-to-date.
isaac~/PrimerPy-> cd ..
isaac~-> cd OrgEmacs/
isaac~/OrgEmacs-> git status
On branch master
Your branch is up-to-date with 'origin/master'.
Changes not staged for commit:
  (use "git add <file>..." to update what will be committed)
  (use "git checkout -- <file>..." to discard changes in working directory)

	modified:   admin.org

no changes added to commit (use "git add" and/or "git commit -a")
isaac~/OrgEmacs-> git add .
isaac~/OrgEmacs-> git commit -m "Update admin"
[master 21a0b51] Update admin
 1 file changed, 10 insertions(+), 2 deletions(-)
isaac~/OrgEmacs-> git push -u origin master
Counting objects: 3, done.
Delta compression using up to 4 threads.
Compressing objects: 100% (3/3), done.
Writing objects: 100% (3/3), 474 bytes | 0 bytes/s, done.
Total 3 (delta 2), reused 0 (delta 0)
remote: Resolving deltas: 100% (2/2), completed with 2 local objects.        
To https://github.com/acebigdata/OrgEmacs.git
   3a554d2..21a0b51  master -> master
Branch master set up to track remote branch master from origin.
isaac~/OrgEmacs-> git status
On branch master
Your branch is up-to-date with 'origin/master'.
nothing to commit, working directory clean
isaac~/OrgEmacs-> git pull
Already up-to-date.
isaac~/OrgEmacs-> cd ../PrimerPy/
isaac~/PrimerPy-> cd Pluralsight/
isaac~/PrimerPy/Pluralsight-> python
Python 3.5.2 |Anaconda custom (64-bit)| (default, Jul  2 2016, 17:53:06) 
[GCC 4.4.7 20120313 (Red Hat 4.4.7-1)] on linux
Type "help", "copyright", "credits" or "license" for more information.
>>> from airtravel import Flight
>>> f = Fligth()
Traceback (most recent call last):
  File "<stdin>", line 1, in <module>
NameError: name 'Fligth' is not defined
>>> f = Flight()
>>> f.number()
'DL400'>>> 
>>> 
isaac~/PrimerPy/Pluralsight-> python
Python 3.5.2 |Anaconda custom (64-bit)| (default, Jul  2 2016, 17:53:06) 
[GCC 4.4.7 20120313 (Red Hat 4.4.7-1)] on linux
Type "help", "copyright", "credits" or "license" for more information.
>>> from airtravel import Flight
>>> f = Flight()
Traceback (most recent call last):
  File "<stdin>", line 1, in <module>
TypeError: __init__() missing 1 required positional argument: 'number'
>>> f = Flight("SN060")
>>> f.number()
'SN060'
>>> from airtravel import Flight
>>> f = Flight("SN6078")
>>> f.number()
'SN6078'
>>> f_2 = Flight("6078")
>>> f_2.number()
'6078'>>> 
>>> 
isaac~/PrimerPy/Pluralsight-> python
Python 3.5.2 |Anaconda custom (64-bit)| (default, Jul  2 2016, 17:53:06) 
[GCC 4.4.7 20120313 (Red Hat 4.4.7-1)] on linux
Type "help", "copyright", "credits" or "license" for more information.
>>> from airtravel import Flight
>>> f = Flight("SN6078")
Traceback (most recent call last):
  File "<stdin>", line 1, in <module>
  File "/home/isaac/PrimerPy/Pluralsight/airtravel.py", line 14, in __init__
    if not (number[2:].isdigit() and int(number[2:]<9999)):
TypeError: unorderable types: str() < int()
>>> from airtravel import Flight
>>> f = Flight("SN6078")
Traceback (most recent call last):
  File "<stdin>", line 1, in <module>
  File "/home/isaac/PrimerPy/Pluralsight/airtravel.py", line 14, in __init__
    if not (number[2:].isdigit() and int(number[2:])<9999)):
TypeError: unorderable types: str() < int()
>>> 
isaac~/PrimerPy/Pluralsight-> python
Python 3.5.2 |Anaconda custom (64-bit)| (default, Jul  2 2016, 17:53:06) 
[GCC 4.4.7 20120313 (Red Hat 4.4.7-1)] on linux
Type "help", "copyright", "credits" or "license" for more information.
>>> from airtravel import Flight
Traceback (most recent call last):
  File "<stdin>", line 1, in <module>
  File "/home/isaac/PrimerPy/Pluralsight/airtravel.py", line 14
    if not (number[2:].isdigit() and int(number[2:])<9999)):
                                                          ^
SyntaxError: invalid syntax
>>> 
isaac~/PrimerPy/Pluralsight-> python
Python 3.5.2 |Anaconda custom (64-bit)| (default, Jul  2 2016, 17:53:06) 
[GCC 4.4.7 20120313 (Red Hat 4.4.7-1)] on linux
Type "help", "copyright", "credits" or "license" for more information.
>>> from airtravel import Flight
>>> f = Flight("SN7890")
>>> f.number()
'SN7890'
>>> f = Flight("7890")
Traceback (most recent call last):
  File "<stdin>", line 1, in <module>
  File "/home/isaac/PrimerPy/Pluralsight/airtravel.py", line 9, in __init__
    raise ValueError("No airline code in {a_ref}".format(a_ref = number))
ValueError: No airline code in 7890
>>> f = Flight("sn7890")
Traceback (most recent call last):
  File "<stdin>", line 1, in <module>
  File "/home/isaac/PrimerPy/Pluralsight/airtravel.py", line 12, in __init__
    raise ValueError("Invalid airline code {a_ref}".format(a_ref = number))
ValueError: Invalid airline code sn7890
>>> f = Flight("SN7899")
Traceback (most recent call last):
  File "<stdin>", line 1, in <module>
  File "/home/isaac/PrimerPy/Pluralsight/airtravel.py", line 15, in __init__
    raise ValueError("Invalid route number {a_ref}".format(a_ref = number))
ValueError: Invalid route number SN78909
>>> f = Flight("SN7899")
>>> f.number()
'SN7899'
>>> 
isaac~/PrimerPy/Pluralsight-> python
Python 3.5.2 |Anaconda custom (64-bit)| (default, Jul  2 2016, 17:53:06) 
[GCC 4.4.7 20120313 (Red Hat 4.4.7-1)] on linux
Type "help", "copyright", "credits" or "license" for more information.
>>> "ABCDEFGHJK"[:5]
'ABC'
>>> "ABCDEFGHJK"[:5]
'ABCDE'
>>> 
isaac~/PrimerPy/Pluralsight-> python
Python 3.5.2 |Anaconda custom (64-bit)| (default, Jul  2 2016, 17:53:06) 
[GCC 4.4.7 20120313 (Red Hat 4.4.7-1)] on linux
Type "help", "copyright", "credits" or "license" for more information.
>>> from airtravel import *
Traceback (most recent call last):
  File "<stdin>", line 1, in <module>
  File "/home/isaac/PrimerPy/Pluralsight/airtravel.py", line 7
    """Initialization"""
                       ^
IndentationError: expected an indented block
>>> from airtravel import *
Traceback (most recent call last):
  File "<stdin>", line 1, in <module>
  File "/home/isaac/PrimerPy/Pluralsight/airtravel.py", line 21
    """Return the airline number"""
                                  ^
IndentationError: expected an indented block
>>> from airtravel import *
>>> a = Aircraft("G-EUPT", "Airbus A319", num_rows = 22, num_seats_per_row = 6)
>>> a
<airtravel.Aircraft object at 0x7f6dbcb1f278>
>>> a.model()'Airbus A319'
>>> a.seating_plan()
(range(1, 23), 'ABCDEF')
>>> 
isaac~/PrimerPy/Pluralsight-> python
Python 3.5.2 |Anaconda custom (64-bit)| (default, Jul  2 2016, 17:53:06) 
[GCC 4.4.7 20120313 (Red Hat 4.4.7-1)] on linux
Type "help", "copyright", "credits" or "license" for more information.
>>> from airtravel import *
>>> 
isaac~/PrimerPy/Pluralsight-> python
Python 3.5.2 |Anaconda custom (64-bit)| (default, Jul  2 2016, 17:53:06) 
[GCC 4.4.7 20120313 (Red Hat 4.4.7-1)] on linux
Type "help", "copyright", "credits" or "license" for more information.
>>> from airtravel import *
>>> f = Flight("BA758", Aircraft("G-EUPT", "Airbus A319", num_rows = 22, num_seats_per_row = 6))
>>> f.aircraft_model()
'Airbus A319'
>>> 
isaac~/PrimerPy/Pluralsight-> python
Python 3.5.2 |Anaconda custom (64-bit)| (default, Jul  2 2016, 17:53:06) 
[GCC 4.4.7 20120313 (Red Hat 4.4.7-1)] on linux
Type "help", "copyright", "credits" or "license" for more information.
>>> from airtravel import *
>>> f = Flight()
Traceback (most recent call last):
  File "<stdin>", line 1, in <module>
TypeError: __init__() missing 2 required positional arguments: 'number' and 'aircraft'
>>> f = Flight("BA758", Aircraft("G-EUPT", "Airbus A319", num_rows = 22, num_seats_per_row = 6))
>>> f._seating
[None, {'C': None, 'B': None, 'F': None, 'D': None, 'E': None, 'A': None}, {'C': None, 'B': None, 'F': None, 'D': None, 'E': None, 'A': None}, {'C': None, 'B': None, 'F': None, 'D': None, 'E': None, 'A': None}, {'C': None, 'B': None, 'F': None, 'D': None, 'E': None, 'A': None}, {'C': None, 'B': None, 'F': None, 'D': None, 'E': None, 'A': None}, {'C': None, 'B': None, 'F': None, 'D': None, 'E': None, 'A': None}, {'C': None, 'B': None, 'F': None, 'D': None, 'E': None, 'A': None}, {'C': None, 'B': None, 'F': None, 'D': None, 'E': None, 'A': None}, {'C': None, 'B': None, 'F': None, 'D': None, 'E': None, 'A': None}, {'C': None, 'B': None, 'F': None, 'D': None, 'E': None, 'A': None}, {'C': None, 'B': None, 'F': None, 'D': None, 'E': None, 'A': None}, {'C': None, 'B': None, 'F': None, 'D': None, 'E': None, 'A': None}, {'C': None, 'B': None, 'F': None, 'D': None, 'E': None, 'A': None}, {'C': None, 'B': None, 'F': None, 'D': None, 'E': None, 'A': None}, {'C': None, 'B': None, 'F': None, 'D': None, 'E': None, 'A': None}, {'C': None, 'B': None, 'F': None, 'D': None, 'E': None, 'A': None}, {'C': None, 'B': None, 'F': None, 'D': None, 'E': None, 'A': None}, {'C': None, 'B': None, 'F': None, 'D': None, 'E': None, 'A': None}, {'C': None, 'B': None, 'F': None, 'D': None, 'E': None, 'A': None}, {'C': None, 'B': None, 'F': None, 'D': None, 'E': None, 'A': None}, {'C': None, 'B': None, 'F': None, 'D': None, 'E': None, 'A': None}, {'C': None, 'B': None, 'F': None, 'D': None, 'E': None, 'A': None}]
>>> from pprint import pprint as pp
>>> pp(f._seating)
Traceback (most recent call last):
  File "<stdin>", line 1, in <module>
TypeError: 'list' object is not callable
>>> pp(f._seating)
[None,
 {'A': None, 'B': None, 'C': None, 'D': None, 'E': None, 'F': None},
 {'A': None, 'B': None, 'C': None, 'D': None, 'E': None, 'F': None},
 {'A': None, 'B': None, 'C': None, 'D': None, 'E': None, 'F': None},
 {'A': None, 'B': None, 'C': None, 'D': None, 'E': None, 'F': None},
 {'A': None, 'B': None, 'C': None, 'D': None, 'E': None, 'F': None},
 {'A': None, 'B': None, 'C': None, 'D': None, 'E': None, 'F': None},
 {'A': None, 'B': None, 'C': None, 'D': None, 'E': None, 'F': None},
 {'A': None, 'B': None, 'C': None, 'D': None, 'E': None, 'F': None},
 {'A': None, 'B': None, 'C': None, 'D': None, 'E': None, 'F': None},
 {'A': None, 'B': None, 'C': None, 'D': None, 'E': None, 'F': None},
 {'A': None, 'B': None, 'C': None, 'D': None, 'E': None, 'F': None},
 {'A': None, 'B': None, 'C': None, 'D': None, 'E': None, 'F': None},
 {'A': None, 'B': None, 'C': None, 'D': None, 'E': None, 'F': None},
 {'A': None, 'B': None, 'C': None, 'D': None, 'E': None, 'F': None},
 {'A': None, 'B': None, 'C': None, 'D': None, 'E': None, 'F': None},
 {'A': None, 'B': None, 'C': None, 'D': None, 'E': None, 'F': None},
 {'A': None, 'B': None, 'C': None, 'D': None, 'E': None, 'F': None},
 {'A': None, 'B': None, 'C': None, 'D': None, 'E': None, 'F': None},
 {'A': None, 'B': None, 'C': None, 'D': None, 'E': None, 'F': None},
 {'A': None, 'B': None, 'C': None, 'D': None, 'E': None, 'F': one},
 {'A': None, 'B': None, 'C': None, 'D': None, 'E': None, 'F': None},
 {'A': None, 'B': None, 'C': None, 'D': None, 'E': None, 'F': None}]
>>> 
isaac~/PrimerPy/Pluralsight-> python
Python 3.5.2 |Anaconda custom (64-bit)| (default, Jul  2 2016, 17:53:06) 
[GCC 4.4.7 20120313 (Red Hat 4.4.7-1)] on linux
Type "help", "copyright", "credits" or "license" for more information.
>>> from airtravel import *
>>> f = Flight("BA758", Aircraft("G-EUPT", "Airbus A319", num_rows = 22, num_seats_per_row = 6))
>>> f.allocat_seat('12A', 'John Johnson')
Traceback (most recent call last):
  File "<stdin>", line 1, in <module>
TypeError: allocat_seat() takes 2 positional arguments but 3 were given
>>> 
isaac~/PrimerPy/Pluralsight-> python
Python 3.5.2 |Anaconda custom (64-bit)| (default, Jul  2 2016, 17:53:06) 
[GCC 4.4.7 20120313 (Red Hat 4.4.7-1)] on linux
Type "help", "copyright", "credits" or "license" for more information.
>>> f = Flight("BA758", Aircraft("G-EUPT", "Airbus A319", num_rows = 22, num_seats_per_row = 6))
Traceback (most recent call last):
  File "<stdin>", line 1, in <module>
NameError: name 'Flight' is not defined
>>> from airtravel import *
>>> f = Flight("BA758", Aircraft("G-EUPT", "Airbus A319", num_rows = 22, num_seats_per_row = 6))
>>> f.allocate_seat
<bound method Flight.allocate_seat of <airtravel.Flight object at 0x7f71631ba630>>
>>> f.allocate_seat('12A', 'John Johnson')
Traceback (most recent call last):
  File "<stdin>", line 1, in <module>
AttributeError: 'Flight' object has no attribute 'allocat_seat'
>>> f.allocate_seat('12A', 'John Johnson')
>>> f.allocate_seat('12A', 'Joe Smith')
Traceback (most recent call last):
  File "<stdin>", line 1, in <module>
  File "/home/isaac/PrimerPy/Pluralsight/airtravel.py", line 58, in allocate_seat
    raise ValueError("Seat {a_ref} already occupied".format(a_ref = seat))
ValueError: Seat 12A already occupied
>>> f.allocate_seat('15E', 'Anders Helberg')
>>> f.allocate_seat('27E', 'Yukihiro Matsumoto')
>>> f.allocate_seat('1C', 'John McCarthy')
Traceback (most recent call last):
  File "<stdin>", line 1, in <module>
  File "/home/isaac/PrimerPy/Pluralsight/airtravel.py", line 56, in allocate_seat
    raise ValueError("Invalid row number {a_ref}".format(a_ref = row))
ValueError: Invalid row number 27
>>> f.allocate_seat('1D', 'Richard Hickey')
>>> f.allocate_seat('DD', 'Larry Wall')
>>> f.allocate_seat('DD', 'Larry Wall')
Traceback (most recent call last):
  File "/home/isaac/PrimerPy/Pluralsight/airtravel.py", line 51, in allocate_seat
    row = int(row_text)
ValueError: invalid literal for int() with base 10: 'D'

During handling of the above exception, another exception occurred:

Traceback (most recent call last):
  File "<stdin>", line 1, in <module>
  File "/home/isaac/PrimerPy/Pluralsight/airtravel.py", line 53, in allocate_seat
    raise ValueError("Invalid seat row {a_ref}".format(a_ref = row))
UnboundLocalError: local variable 'row' referenced before assignment
>>> pp(f._seating)
Traceback (most recent call last):
  File "<stdin>", line 1, in <module>
NameError: name 'pp' is not defined
>>> from pprint import pprint as pp
>>> pp(f._seating)
[None,
 {'A': None,
  'B': None,
  'C': 'John McCarthy',
  'D': 'Richard Hickey',
  'E': None,
  'F': None},
 {'A': None, 'B': None, 'C': None, 'D': None, 'E': None, 'F': None},
 {'A': None, 'B': None, 'C': None, 'D': None, 'E': None, 'F': None},
 {'A': None, 'B': None, 'C': None, 'D': None, 'E': None, 'F': None},
 {'A': None, 'B': None, 'C': None, 'D': None, 'E': None, 'F': None},
 {'A': None, 'B': None, 'C': None, 'D': None, 'E': None, 'F': None},
 {'A': None, 'B': None, 'C': None, 'D': None, 'E': None, 'F': None},
 {'A': None, 'B': None, 'C': None, 'D': None, 'E': None, 'F': None},
 {'A': None, 'B': None, 'C': None, 'D': None, 'E': None, 'F': None},
 {'A': None, 'B': None, 'C': None, 'D': None, 'E': None, 'F': None},
 {'A': None, 'B': None, 'C': None, 'D': None, 'E': None, 'F': None},
 {'A': 'John Johnson', 'B': None, 'C': None, 'D': None, 'E': None, 'F': None},
 {'A': None, 'B': None, 'C': None, 'D': None, 'E': None, 'F': None},
 {'A': None, 'B': None, 'C': None, 'D': None, 'E': None, 'F': None},
 {'A': None,
  'B': None,
  'C': None,
  'D': None,
  'E': 'Anders Helberg',
  'F': 'Bjarne Stroustrup'},
 {'A': None, 'B': None, 'C': None, 'D': None, 'E': None, 'F': None},
 {'A': None, 'B': None, 'C': None, 'D': None, 'E': None, 'F': None},
 {'A': None, 'B': None, 'C': None, 'D': None, 'E': None, 'F': None},
 {'A': None, 'B': None, 'C': None, 'D': None, 'E': None, 'F': None},
 {'A': None, 'B': None, 'C': None, 'D': None, 'E': None, 'F': None},
 {'A': None, 'B': None, 'C': None, 'D': None, 'E': None, 'F': None},
 {'A': None, 'B': None, 'C': None, 'D': None, 'E': None, 'F': None}]
>>> 